app/result/page.tsx(32,48): error TS2339: Property 'risk_level' does not exist on type 'TriageResult'.
app/result/page.tsx(56,43): error TS2339: Property 'risk_level' does not exist on type 'TriageResult'.
app/result/page.tsx(68,47): error TS2339: Property 'department' does not exist on type 'TriageResult'.
app/result/page.tsx(79,43): error TS2551: Property 'explanation' does not exist on type 'TriageResult'. Did you mean 'ai_explanation'?
app/triage/page.tsx(54,18): error TS2552: Cannot find name 'useRouter'. Did you mean 'router'?
app/triage/page.tsx(110,15): error TS2552: Cannot find name 'triageResult'. Did you mean 'setTriageResult'?
app/triage/page.tsx(111,14): error TS2552: Cannot find name 'triageResult'. Did you mean 'setTriageResult'?
app/triage/page.tsx(112,14): error TS2552: Cannot find name 'triageResult'. Did you mean 'setTriageResult'?
app/triage/page.tsx(228,12): error TS2552: Cannot find name 'triageResult'. Did you mean 'setTriageResult'?
app/triage/page.tsx(332,45): error TS7006: Parameter 'finding' implicitly has an 'any' type.
app/triage/page.tsx(332,54): error TS7006: Parameter 'i' implicitly has an 'any' type.
